../Core/Src/main.c:83:5:main	2936	static
../Core/Src/main.c:291:6:SystemClock_Config	96	static
../Core/Src/main.c:346:13:MX_I2C1_Init	8	static
../Core/Src/main.c:394:13:MX_I2C3_Init	8	static
../Core/Src/main.c:442:13:MX_USART2_UART_Init	8	static
../Core/Src/main.c:477:13:MX_GPIO_Init	40	static
../Core/Src/main.c:513:6:DS1621_Init	24	static
../Core/Src/main.c:520:5:DS1621_ReadTemp	24	static
../Core/Src/main.c:530:6:SendTemperature	32	static
../Core/Src/main.c:537:13:HAL_SYSTICK_Callback	8	static
../Core/Src/main.c:542:13:HAL_GPIO_EXTI_Callback	16	static
../Core/Src/main.c:556:6:Error_Handler	4	static,ignoring_inline_asm
